message(STATUS "Install libraries")

if (ENABLE_UNIT_TESTS)

endif()
